// Jest Snapshot v1, https://goo.gl/fbAQLP

exports[`DevicesList renders correctly 1`] = `
"<styled.div>
  <Device device={{...}} toggleDevice={[undefined]} />
  <Device device={{...}} toggleDevice={[undefined]} />
</styled.div>"
`;
